// Jest Snapshot v1, https://goo.gl/fbAQLP

exports[`TextField tests snapshots should render with icon 1`] = `ShallowWrapper {}`;

exports[`TextField tests snapshots should render with label 1`] = `ShallowWrapper {}`;

exports[`TextField tests snapshots should render with right icon 1`] = `ShallowWrapper {}`;
